// Jest Snapshot v1, https://goo.gl/fbAQLP

exports[`renders correctly 1`] = `
<View
  style={
    Array [
      Object {
        "alignItems": "center",
        "flexDirection": "row",
        "justifyContent": "flex-start",
        "paddingBottom": 24,
        "paddingHorizontal": 16,
        "paddingTop": 24,
      },
      undefined,
    ]
  }
>
  <View
    style={
      Object {
        "width": 32,
      }
    }
  />
  <View
    style={
      Object {
        "flex": 1,
        "justifyContent": "center",
      }
    }
  >
    <Text
      style={
        Array [
          Object {
            "color": "#ffffff",
            "fontFamily": "Helvetica",
            "fontSize": 15,
          },
          Array [
            Object {
              "textAlign": "center",
            },
            undefined,
          ],
        ]
      }
    />
  </View>
  <View
    style={
      Object {
        "width": 32,
      }
    }
  />
</View>
`;
