// Jest Snapshot v1, https://goo.gl/fbAQLP

exports[`render correctly 1`] = `
<RNCSafeAreaProvider
  onInsetsChange={[Function]}
  style={
    Array [
      Object {
        "flex": 1,
      },
      undefined,
    ]
  }
>
  <RNSScreenStack
    style={
      Object {
        "flex": 1,
      }
    }
  >
    <RNSScreen
      collapsable={false}
      forwardedRef={[Function]}
      onAppear={[Function]}
      onDisappear={[Function]}
      onDismissed={[Function]}
      onTransitionProgress={[Function]}
      onWillDisappear={[Function]}
      replaceAnimation="push"
      stackPresentation="push"
      style={
        Object {
          "bottom": 0,
          "left": 0,
          "position": "absolute",
          "right": 0,
          "top": 0,
        }
      }
      swipeDirection="horizontal"
    >
      <RNSScreenStackHeaderConfig
        backButtonInCustomView={false}
        backgroundColor="rgb(255, 255, 255)"
        color="rgb(0, 122, 255)"
        direction="ltr"
        disableBackButtonMenu={false}
        hidden={true}
        hideBackButton={false}
        largeTitleHideShadow={false}
        title="home"
        titleColor="rgb(28, 28, 30)"
        topInsetEnabled={false}
        translucent={false}
      />
      <View
        style={
          Array [
            Object {
              "flex": 1,
            },
            Object {
              "backgroundColor": "rgb(242, 242, 242)",
            },
            undefined,
          ]
        }
      >
        <RNCSafeAreaProvider
          onInsetsChange={[Function]}
          style={
            Array [
              Object {
                "flex": 1,
              },
              undefined,
            ]
          }
        >
          <View
            onLayout={[Function]}
            style={
              Array [
                Array [
                  Object {
                    "backgroundColor": "#ffffff",
                    "flex": 1,
                    "height": "100%",
                  },
                  Object {},
                ],
                Object {
                  "paddingBottom": 0,
                },
              ]
            }
          >
            <View
              style={
                Array [
                  Object {
                    "alignItems": "stretch",
                    "height": "100%",
                    "justifyContent": "flex-start",
                    "width": "100%",
                  },
                  Object {
                    "backgroundColor": "#ffffff",
                    "flex": 1,
                  },
                  Object {
                    "paddingTop": 0,
                  },
                ]
              }
            >
              <View
                style={
                  Array [
                    Object {
                      "alignItems": "center",
                      "flexDirection": "row",
                      "justifyContent": "flex-start",
                      "paddingBottom": 24,
                      "paddingHorizontal": 16,
                      "paddingTop": 24,
                    },
                    Object {
                      "borderBottomWidth": 1,
                      "borderColor": "#CDD4DA",
                      "paddingTop": 12,
                    },
                  ]
                }
                testID="header"
              >
                <View
                  style={
                    Object {
                      "width": 32,
                    }
                  }
                />
                <View
                  style={
                    Object {
                      "flex": 1,
                      "justifyContent": "center",
                    }
                  }
                >
                  <Text
                    style={
                      Array [
                        Object {
                          "color": "#ffffff",
                          "fontFamily": "Helvetica",
                          "fontSize": 15,
                        },
                        Array [
                          Object {
                            "textAlign": "center",
                          },
                          Object {
                            "color": "#1d1d1d",
                            "fontSize": 18,
                            "fontWeight": "bold",
                            "textAlign": "center",
                          },
                        ],
                      ]
                    }
                  >
                    home.title.test
                  </Text>
                </View>
                <View
                  style={
                    Object {
                      "width": 32,
                    }
                  }
                />
              </View>
              <RCTScrollView
                ItemSeparatorComponent={[Function]}
                contentContainerStyle={
                  Object {
                    "paddingVertical": 8,
                  }
                }
                getItem={[Function]}
                getItemCount={[Function]}
                keyExtractor={[Function]}
                onContentSizeChange={[Function]}
                onLayout={[Function]}
                onMomentumScrollBegin={[Function]}
                onMomentumScrollEnd={[Function]}
                onScroll={[Function]}
                onScrollBeginDrag={[Function]}
                onScrollEndDrag={[Function]}
                removeClippedSubviews={false}
                renderItem={[Function]}
                scrollEventThrottle={50}
                stickyHeaderIndices={Array []}
                testID="list"
                viewabilityConfigCallbackPairs={Array []}
              >
                <View />
              </RCTScrollView>
            </View>
          </View>
        </RNCSafeAreaProvider>
      </View>
    </RNSScreen>
  </RNSScreenStack>
</RNCSafeAreaProvider>
`;
